
> sababpdf-nextjs@0.1.0 build
> next build

▲ Next.js 16.1.6 (Turbopack)

  Creating an optimized production build ...
node.exe : 
At line:1 char:1
+ & "C:\Program Files\nodejs/node.exe" "C:\Program Files\nodejs/node_mo ...
+ ~~~~~~~~~~~~~~~~~~~~~~~~~~~~~~~~~~~~~~~~~~~~~~~~~~~~~~~~~~~~~~~~~~~~~
    + CategoryInfo          : NotSpecified: (:String) [], RemoteException
    + FullyQualifiedErrorId : NativeCommandError
 
> Build error occurred
Error: Turbopack build failed with 30 errors:
./app/blog/[slug]/page.jsx:113:20
Parsing ecmascript source code failed
[0m [90m 111 |[39m     [36mif[39m (article) {
 [90m 112 |[39m         [36mreturn[39m {
[31m[1m>[22m[39m[90m 113 |[39m             title[33m:[39m 
[37m[41m[1m\[22m[49m[39m[32m`\${article.title} | SababPDF Blog\`,[39m
 [90m     |[39m                    [31m[1m^[22m[39m
 [90m 114 |[39m [32m            description: article.excerpt || \`Read about \${article.title} on the SababPDF 
Blog.\`,[39m
 [90m 115 |[39m [32m        };[39m
 [90m 116 |[39m [32m    }[39m[0m

Expected unicode escape


./app/page.js:2:1
Module not found: Can't resolve '../../components/FeatureCard'
[0m [90m 1 |[39m [32m'use client'[39m[33m;[39m
[31m[1m>[22m[39m[90m 2 |[39m [36mimport[39m [33mFeatureCard[39m [36mfrom[39m 
[32m'../../components/FeatureCard'[39m[33m;[39m
 [90m   |[39m [31m[1m^[22m[39m[31m[1m^[22m[39m[31m[1m^[22m[39m[31m[1m^[22m[39m[31m[1m^[22m[39m[3
1m[1m^[22m[39m[31m[1m^[22m[39m[31m[1m^[22m[39m[31m[1m^[22m[39m[31m[1m^[22m[39m[31m[1m^[22m[39m[
31m[1m^[22m[39m[31m[1m^[22m[39m[31m[1m^[22m[39m[31m[1m^[22m[39m[31m[1m^[22m[39m[31m[1m^[22m[39m
[31m[1m^[22m[39m[31m[1m^[22m[39m[31m[1m^[22m[39m[31m[1m^[22m[39m[31m[1m^[22m[39m[31m[1m^[22m[39m
[31m[1m^[22m[39m[31m[1m^[22m[39m[31m[1m^[22m[39m[31m[1m^[22m[39m[31m[1m^[22m[39m[31m[1m^[22m[39
m[31m[1m^[22m[39m[31m[1m^[22m[39m[31m[1m^[22m[39m[31m[1m^[22m[39m[31m[1m^[22m[39m[31m[1m^[22m[3
9m[31m[1m^[22m[39m[31m[1m^[22m[39m[31m[1m^[22m[39m[31m[1m^[22m[39m[31m[1m^[22m[39m[31m[1m^[22m[
39m[31m[1m^[22m[39m[31m[1m^[22m[39m[31m[1m^[22m[39m[31m[1m^[22m[39m[31m[1m^[22m[39m[31m[1m^[22m
[39m[31m[1m^[22m[39m[31m[1m^[22m[39m[31m[1m^[22m[39m[31m[1m^[22m[39m[31m[1m^[22m[39m[31m[1m^[22m
[39m[31m[1m^[22m[39m[31m[1m^[22m[39m
 [90m 3 |[39m [36mimport[39m {
 [90m 4 |[39m   [33mLayers[39m[33m,[39m [33mScissors[39m[33m,[39m [33mMinimize2[39m[33m,[39m 
[33mFileText[39m[33m,[39m [33mFileSpreadsheet[39m[33m,[39m [33mImage[39m[33m,[39m
 [90m 5 |[39m   [33mFileImage[39m[33m,[39m [33mPresentation[39m[33m,[39m [33mRotateCw[39m[33m,[39m 
[33mHash[39m[33m,[39m [33mStamp[39m[33m,[39m [33mLock[39m[33m,[39m [33mUnlock[39m[33m,[39m[0m



Import traces:
  Client Component Browser:
    ./app/page.js [Client Component Browser]
    ./app/page.js [Server Component]

  Client Component SSR:
    ./app/page.js [Client Component SSR]
    ./app/page.js [Server Component]

https://nextjs.org/docs/messages/module-not-found


./app/add-page-numbers/page.jsx:3:1
Module not found: Can't resolve '../components/FileUploader'
[0m [90m 1 |[39m [32m'use client'[39m[33m;[39m
 [90m 2 |[39m [36mimport[39m { useState } [36mfrom[39m [32m'react'[39m[33m;[39m
[31m[1m>[22m[39m[90m 3 |[39m [36mimport[39m [33mFileUploader[39m [36mfrom[39m 
[32m'../components/FileUploader'[39m[33m;[39m
 [90m   |[39m [31m[1m^[22m[39m[31m[1m^[22m[39m[31m[1m^[22m[39m[31m[1m^[22m[39m[31m[1m^[22m[39m[3
1m[1m^[22m[39m[31m[1m^[22m[39m[31m[1m^[22m[39m[31m[1m^[22m[39m[31m[1m^[22m[39m[31m[1m^[22m[39m[
31m[1m^[22m[39m[31m[1m^[22m[39m[31m[1m^[22m[39m[31m[1m^[22m[39m[31m[1m^[22m[39m[31m[1m^[22m[39m
[31m[1m^[22m[39m[31m[1m^[22m[39m[31m[1m^[22m[39m[31m[1m^[22m[39m[31m[1m^[22m[39m[31m[1m^[22m[39m
[31m[1m^[22m[39m[31m[1m^[22m[39m[31m[1m^[22m[39m[31m[1m^[22m[39m[31m[1m^[22m[39m[31m[1m^[22m[39
m[31m[1m^[22m[39m[31m[1m^[22m[39m[31m[1m^[22m[39m[31m[1m^[22m[39m[31m[1m^[22m[39m[31m[1m^[22m[3
9m[31m[1m^[22m[39m[31m[1m^[22m[39m[31m[1m^[22m[39m[31m[1m^[22m[39m[31m[1m^[22m[39m[31m[1m^[22m[
39m[31m[1m^[22m[39m[31m[1m^[22m[39m[31m[1m^[22m[39m[31m[1m^[22m[39m[31m[1m^[22m[39m[31m[1m^[22m
[39m[31m[1m^[22m[39m[31m[1m^[22m[39m[31m[1m^[22m[39m[31m[1m^[22m[39m[31m[1m^[22m[39m[31m[1m^[22m
[39m[31m[1m^[22m[39m
 [90m 4 |[39m [36mimport[39m { addPageNumbers } [36mfrom[39m [32m'../utils/conversionUtils'[39m[33m;[39m
 [90m 5 |[39m [36mimport[39m { [33mHash[39m[33m,[39m [33mDownload[39m[33m,[39m [33mFile[39m[33m,[39m 
[33mTrash2[39m[33m,[39m [33mLayoutTemplate[39m } [36mfrom[39m [32m'lucide-react'[39m[33m;[39m
 [90m 6 |[39m[0m



Import traces:
  Client Component Browser:
    ./app/add-page-numbers/page.jsx [Client Component Browser]
    ./app/add-page-numbers/page.jsx [Server Component]

  Client Component SSR:
    ./app/add-page-numbers/page.jsx [Client Component SSR]
    ./app/add-page-numbers/page.jsx [Server Component]

https://nextjs.org/docs/messages/module-not-found


./app/add-watermark/page.jsx:3:1
Module not found: Can't resolve '../components/FileUploader'
[0m [90m 1 |[39m [32m'use client'[39m[33m;[39m
 [90m 2 |[39m [36mimport[39m { useState } [36mfrom[39m [32m'react'[39m[33m;[39m
[31m[1m>[22m[39m[90m 3 |[39m [36mimport[39m [33mFileUploader[39m [36mfrom[39m 
[32m'../components/FileUploader'[39m[33m;[39m
 [90m   |[39m [31m[1m^[22m[39m[31m[1m^[22m[39m[31m[1m^[22m[39m[31m[1m^[22m[39m[31m[1m^[22m[39m[3
1m[1m^[22m[39m[31m[1m^[22m[39m[31m[1m^[22m[39m[31m[1m^[22m[39m[31m[1m^[22m[39m[31m[1m^[22m[39m[
31m[1m^[22m[39m[31m[1m^[22m[39m[31m[1m^[22m[39m[31m[1m^[22m[39m[31m[1m^[22m[39m[31m[1m^[22m[39m
[31m[1m^[22m[39m[31m[1m^[22m[39m[31m[1m^[22m[39m[31m[1m^[22m[39m[31m[1m^[22m[39m[31m[1m^[22m[39m
[31m[1m^[22m[39m[31m[1m^[22m[39m[31m[1m^[22m[39m[31m[1m^[22m[39m[31m[1m^[22m[39m[31m[1m^[22m[39
m[31m[1m^[22m[39m[31m[1m^[22m[39m[31m[1m^[22m[39m[31m[1m^[22m[39m[31m[1m^[22m[39m[31m[1m^[22m[3
9m[31m[1m^[22m[39m[31m[1m^[22m[39m[31m[1m^[22m[39m[31m[1m^[22m[39m[31m[1m^[22m[39m[31m[1m^[22m[
39m[31m[1m^[22m[39m[31m[1m^[22m[39m[31m[1m^[22m[39m[31m[1m^[22m[39m[31m[1m^[22m[39m[31m[1m^[22m
[39m[31m[1m^[22m[39m[31m[1m^[22m[39m[31m[1m^[22m[39m[31m[1m^[22m[39m[31m[1m^[22m[39m[31m[1m^[22m
[39m[31m[1m^[22m[39m
 [90m 4 |[39m [36mimport[39m [33mPDFPreviewWithWatermark[39m [36mfrom[39m 
[32m'../components/PDFPreviewWithWatermark'[39m[33m;[39m
 [90m 5 |[39m [36mimport[39m { addWatermark } [36mfrom[39m [32m'../utils/conversionUtils'[39m[33m;[39m
 [90m 6 |[39m [36mimport[39m {[0m



Import traces:
  Client Component Browser:
    ./app/add-watermark/page.jsx [Client Component Browser]
    ./app/add-watermark/page.jsx [Server Component]

  Client Component SSR:
    ./app/add-watermark/page.jsx [Client Component SSR]
    ./app/add-watermark/page.jsx [Server Component]

https://nextjs.org/docs/messages/module-not-found


./app/compress-pdf/page.jsx:3:1
Module not found: Can't resolve '../components/FileUploader'
[0m [90m 1 |[39m [32m'use client'[39m[33m;[39m
 [90m 2 |[39m [36mimport[39m { useState[33m,[39m useEffect[33m,[39m useRef[33m,[39m useCallback } 
[36mfrom[39m [32m'react'[39m[33m;[39m
[31m[1m>[22m[39m[90m 3 |[39m [36mimport[39m [33mFileUploader[39m [36mfrom[39m 
[32m'../components/FileUploader'[39m[33m;[39m
 [90m   |[39m [31m[1m^[22m[39m[31m[1m^[22m[39m[31m[1m^[22m[39m[31m[1m^[22m[39m[31m[1m^[22m[39m[3
1m[1m^[22m[39m[31m[1m^[22m[39m[31m[1m^[22m[39m[31m[1m^[22m[39m[31m[1m^[22m[39m[31m[1m^[22m[39m[
31m[1m^[22m[39m[31m[1m^[22m[39m[31m[1m^[22m[39m[31m[1m^[22m[39m[31m[1m^[22m[39m[31m[1m^[22m[39m
[31m[1m^[22m[39m[31m[1m^[22m[39m[31m[1m^[22m[39m[31m[1m^[22m[39m[31m[1m^[22m[39m[31m[1m^[22m[39m
[31m[1m^[22m[39m[31m[1m^[22m[39m[31m[1m^[22m[39m[31m[1m^[22m[39m[31m[1m^[22m[39m[31m[1m^[22m[39
m[31m[1m^[22m[39m[31m[1m^[22m[39m[31m[1m^[22m[39m[31m[1m^[22m[39m[31m[1m^[22m[39m[31m[1m^[22m[3
9m[31m[1m^[22m[39m[31m[1m^[22m[39m[31m[1m^[22m[39m[31m[1m^[22m[39m[31m[1m^[22m[39m[31m[1m^[22m[
39m[31m[1m^[22m[39m[31m[1m^[22m[39m[31m[1m^[22m[39m[31m[1m^[22m[39m[31m[1m^[22m[39m[31m[1m^[22m
[39m[31m[1m^[22m[39m[31m[1m^[22m[39m[31m[1m^[22m[39m[31m[1m^[22m[39m[31m[1m^[22m[39m[31m[1m^[22m
[39m[31m[1m^[22m[39m
 [90m 4 |[39m [36mimport[39m { [33mMinimize2[39m[33m,[39m [33mDownload[39m[33m,[39m 
[33mFileText[39m[33m,[39m [33mTrash2[39m[33m,[39m [33mX[39m[33m,[39m [33mChevronLeft[39m[33m,[39m 
[33mChevronRight[39m[33m,[39m [33mEye[39m[33m,[39m [33mZap[39m[33m,[39m [33mShield[39m[33m,[39m 
[33mGauge[39m[33m,[39m [33mPencil[39m[33m,[39m [33mRotateCcw[39m } [36mfrom[39m 
[32m'lucide-react'[39m[33m;[39m
 [90m 5 |[39m [36mimport[39m [33m*[39m [36mas[39m pdfjsLib [36mfrom[39m [32m'pdfjs-dist'[39m[33m;[39m
 [90m 6 |[39m[0m



Import traces:
  Client Component Browser:
    ./app/compress-pdf/page.jsx [Client Component Browser]
    ./app/compress-pdf/page.jsx [Server Component]

  Client Component SSR:
    ./app/compress-pdf/page.jsx [Client Component SSR]
    ./app/compress-pdf/page.jsx [Server Component]

https://nextjs.org/docs/messages/module-not-found


./app/excel-to-pdf/page.jsx:3:1
Module not found: Can't resolve '../components/FileUploader'
[0m [90m 1 |[39m [32m'use client'[39m[33m;[39m
 [90m 2 |[39m [36mimport[39m { useState } [36mfrom[39m [32m'react'[39m[33m;[39m
[31m[1m>[22m[39m[90m 3 |[39m [36mimport[39m [33mFileUploader[39m [36mfrom[39m 
[32m'../components/FileUploader'[39m[33m;[39m
 [90m   |[39m [31m[1m^[22m[39m[31m[1m^[22m[39m[31m[1m^[22m[39m[31m[1m^[22m[39m[31m[1m^[22m[39m[3
1m[1m^[22m[39m[31m[1m^[22m[39m[31m[1m^[22m[39m[31m[1m^[22m[39m[31m[1m^[22m[39m[31m[1m^[22m[39m[
31m[1m^[22m[39m[31m[1m^[22m[39m[31m[1m^[22m[39m[31m[1m^[22m[39m[31m[1m^[22m[39m[31m[1m^[22m[39m
[31m[1m^[22m[39m[31m[1m^[22m[39m[31m[1m^[22m[39m[31m[1m^[22m[39m[31m[1m^[22m[39m[31m[1m^[22m[39m
[31m[1m^[22m[39m[31m[1m^[22m[39m[31m[1m^[22m[39m[31m[1m^[22m[39m[31m[1m^[22m[39m[31m[1m^[22m[39
m[31m[1m^[22m[39m[31m[1m^[22m[39m[31m[1m^[22m[39m[31m[1m^[22m[39m[31m[1m^[22m[39m[31m[1m^[22m[3
9m[31m[1m^[22m[39m[31m[1m^[22m[39m[31m[1m^[22m[39m[31m[1m^[22m[39m[31m[1m^[22m[39m[31m[1m^[22m[
39m[31m[1m^[22m[39m[31m[1m^[22m[39m[31m[1m^[22m[39m[31m[1m^[22m[39m[31m[1m^[22m[39m[31m[1m^[22m
[39m[31m[1m^[22m[39m[31m[1m^[22m[39m[31m[1m^[22m[39m[31m[1m^[22m[39m[31m[1m^[22m[39m[31m[1m^[22m
[39m[31m[1m^[22m[39m
 [90m 4 |[39m [36mimport[39m { convertExcelToPdf } [36mfrom[39m [32m'../utils/conversionUtils'[39m[33m;[39m
 [90m 5 |[39m [36mimport[39m { [33mFileSpreadsheet[39m[33m,[39m [33mDownload[39m[33m,[39m 
[33mFileJson[39m[33m,[39m [33mTrash2[39m } [36mfrom[39m [32m'lucide-react'[39m[33m;[39m
 [90m 6 |[39m[0m



Import traces:
  Client Component Browser:
    ./app/excel-to-pdf/page.jsx [Client Component Browser]
    ./app/excel-to-pdf/page.jsx [Server Component]

  Client Component SSR:
    ./app/excel-to-pdf/page.jsx [Client Component SSR]
    ./app/excel-to-pdf/page.jsx [Server Component]

https://nextjs.org/docs/messages/module-not-found


./app/jpg-to-pdf/page.jsx:3:1
Module not found: Can't resolve '../components/FileUploader'
[0m [90m 1 |[39m [32m'use client'[39m[33m;[39m
 [90m 2 |[39m [36mimport[39m { useState } [36mfrom[39m [32m'react'[39m[33m;[39m
[31m[1m>[22m[39m[90m 3 |[39m [36mimport[39m [33mFileUploader[39m [36mfrom[39m 
[32m'../components/FileUploader'[39m[33m;[39m
 [90m   |[39m [31m[1m^[22m[39m[31m[1m^[22m[39m[31m[1m^[22m[39m[31m[1m^[22m[39m[31m[1m^[22m[39m[3
1m[1m^[22m[39m[31m[1m^[22m[39m[31m[1m^[22m[39m[31m[1m^[22m[39m[31m[1m^[22m[39m[31m[1m^[22m[39m[
31m[1m^[22m[39m[31m[1m^[22m[39m[31m[1m^[22m[39m[31m[1m^[22m[39m[31m[1m^[22m[39m[31m[1m^[22m[39m
[31m[1m^[22m[39m[31m[1m^[22m[39m[31m[1m^[22m[39m[31m[1m^[22m[39m[31m[1m^[22m[39m[31m[1m^[22m[39m
[31m[1m^[22m[39m[31m[1m^[22m[39m[31m[1m^[22m[39m[31m[1m^[22m[39m[31m[1m^[22m[39m[31m[1m^[22m[39
m[31m[1m^[22m[39m[31m[1m^[22m[39m[31m[1m^[22m[39m[31m[1m^[22m[39m[31m[1m^[22m[39m[31m[1m^[22m[3
9m[31m[1m^[22m[39m[31m[1m^[22m[39m[31m[1m^[22m[39m[31m[1m^[22m[39m[31m[1m^[22m[39m[31m[1m^[22m[
39m[31m[1m^[22m[39m[31m[1m^[22m[39m[31m[1m^[22m[39m[31m[1m^[22m[39m[31m[1m^[22m[39m[31m[1m^[22m
[39m[31m[1m^[22m[39m[31m[1m^[22m[39m[31m[1m^[22m[39m[31m[1m^[22m[39m[31m[1m^[22m[39m[31m[1m^[22m
[39m[31m[1m^[22m[39m
 [90m 4 |[39m [36mimport[39m { convertImageToPdf } [36mfrom[39m [32m'../utils/conversionUtils'[39m[33m;[39m
 [90m 5 |[39m [36mimport[39m { [33mImage[39m[33m,[39m [33mDownload[39m[33m,[39m [33mFile[39m[33m,[39m 
[33mTrash2[39m[33m,[39m [33mPlus[39m } [36mfrom[39m [32m'lucide-react'[39m[33m;[39m
 [90m 6 |[39m[0m



Import traces:
  Client Component Browser:
    ./app/jpg-to-pdf/page.jsx [Client Component Browser]
    ./app/jpg-to-pdf/page.jsx [Server Component]

  Client Component SSR:
    ./app/jpg-to-pdf/page.jsx [Client Component SSR]
    ./app/jpg-to-pdf/page.jsx [Server Component]

https://nextjs.org/docs/messages/module-not-found


./app/merge-pdf/page.jsx:3:1
Module not found: Can't resolve '../components/FileUploader'
[0m [90m 1 |[39m [32m'use client'[39m[33m;[39m
 [90m 2 |[39m [36mimport[39m { useState[33m,[39m useEffect[33m,[39m useRef[33m,[39m useCallback } 
[36mfrom[39m [32m'react'[39m[33m;[39m
[31m[1m>[22m[39m[90m 3 |[39m [36mimport[39m [33mFileUploader[39m [36mfrom[39m 
[32m'../components/FileUploader'[39m[33m;[39m
 [90m   |[39m [31m[1m^[22m[39m[31m[1m^[22m[39m[31m[1m^[22m[39m[31m[1m^[22m[39m[31m[1m^[22m[39m[3
1m[1m^[22m[39m[31m[1m^[22m[39m[31m[1m^[22m[39m[31m[1m^[22m[39m[31m[1m^[22m[39m[31m[1m^[22m[39m[
31m[1m^[22m[39m[31m[1m^[22m[39m[31m[1m^[22m[39m[31m[1m^[22m[39m[31m[1m^[22m[39m[31m[1m^[22m[39m
[31m[1m^[22m[39m[31m[1m^[22m[39m[31m[1m^[22m[39m[31m[1m^[22m[39m[31m[1m^[22m[39m[31m[1m^[22m[39m
[31m[1m^[22m[39m[31m[1m^[22m[39m[31m[1m^[22m[39m[31m[1m^[22m[39m[31m[1m^[22m[39m[31m[1m^[22m[39
m[31m[1m^[22m[39m[31m[1m^[22m[39m[31m[1m^[22m[39m[31m[1m^[22m[39m[31m[1m^[22m[39m[31m[1m^[22m[3
9m[31m[1m^[22m[39m[31m[1m^[22m[39m[31m[1m^[22m[39m[31m[1m^[22m[39m[31m[1m^[22m[39m[31m[1m^[22m[
39m[31m[1m^[22m[39m[31m[1m^[22m[39m[31m[1m^[22m[39m[31m[1m^[22m[39m[31m[1m^[22m[39m[31m[1m^[22m
[39m[31m[1m^[22m[39m[31m[1m^[22m[39m[31m[1m^[22m[39m[31m[1m^[22m[39m[31m[1m^[22m[39m[31m[1m^[22m
[39m[31m[1m^[22m[39m
 [90m 4 |[39m [36mimport[39m { mergePdfs[33m,[39m mergePages } [36mfrom[39m 
[32m'../utils/pdfUtils'[39m[33m;[39m
 [90m 5 |[39m [36mimport[39m { [33mLayers[39m[33m,[39m [33mDownload[39m[33m,[39m [33mX[39m[33m,[39m 
[33mPlus[39m[33m,[39m [33mChevronLeft[39m[33m,[39m [33mChevronRight[39m[33m,[39m [33mEye[39m[33m,[39m 
[33mPencil[39m[33m,[39m [33mRotateCcw[39m } [36mfrom[39m [32m'lucide-react'[39m[33m;[39m
 [90m 6 |[39m [36mimport[39m [33m*[39m [36mas[39m pdfjsLib [36mfrom[39m [32m'pdfjs-dist'[39m[33m;[39m[0m



Import traces:
  Client Component Browser:
    ./app/merge-pdf/page.jsx [Client Component Browser]
    ./app/merge-pdf/page.jsx [Server Component]

  Client Component SSR:
    ./app/merge-pdf/page.jsx [Client Component SSR]
    ./app/merge-pdf/page.jsx [Server Component]

https://nextjs.org/docs/messages/module-not-found


./app/protect-pdf/page.jsx:3:1
Module not found: Can't resolve '../components/FileUploader'
[0m [90m 1 |[39m [32m'use client'[39m[33m;[39m
 [90m 2 |[39m [36mimport[39m { useState } [36mfrom[39m [32m'react'[39m[33m;[39m
[31m[1m>[22m[39m[90m 3 |[39m [36mimport[39m [33mFileUploader[39m [36mfrom[39m 
[32m'../components/FileUploader'[39m[33m;[39m
 [90m   |[39m [31m[1m^[22m[39m[31m[1m^[22m[39m[31m[1m^[22m[39m[31m[1m^[22m[39m[31m[1m^[22m[39m[3
1m[1m^[22m[39m[31m[1m^[22m[39m[31m[1m^[22m[39m[31m[1m^[22m[39m[31m[1m^[22m[39m[31m[1m^[22m[39m[
31m[1m^[22m[39m[31m[1m^[22m[39m[31m[1m^[22m[39m[31m[1m^[22m[39m[31m[1m^[22m[39m[31m[1m^[22m[39m
[31m[1m^[22m[39m[31m[1m^[22m[39m[31m[1m^[22m[39m[31m[1m^[22m[39m[31m[1m^[22m[39m[31m[1m^[22m[39m
[31m[1m^[22m[39m[31m[1m^[22m[39m[31m[1m^[22m[39m[31m[1m^[22m[39m[31m[1m^[22m[39m[31m[1m^[22m[39
m[31m[1m^[22m[39m[31m[1m^[22m[39m[31m[1m^[22m[39m[31m[1m^[22m[39m[31m[1m^[22m[39m[31m[1m^[22m[3
9m[31m[1m^[22m[39m[31m[1m^[22m[39m[31m[1m^[22m[39m[31m[1m^[22m[39m[31m[1m^[22m[39m[31m[1m^[22m[
39m[31m[1m^[22m[39m[31m[1m^[22m[39m[31m[1m^[22m[39m[31m[1m^[22m[39m[31m[1m^[22m[39m[31m[1m^[22m
[39m[31m[1m^[22m[39m[31m[1m^[22m[39m[31m[1m^[22m[39m[31m[1m^[22m[39m[31m[1m^[22m[39m[31m[1m^[22m
[39m[31m[1m^[22m[39m
 [90m 4 |[39m [36mimport[39m { protectPdf } [36mfrom[39m [32m'../utils/conversionUtils'[39m[33m;[39m
 [90m 5 |[39m [36mimport[39m { [33mLock[39m[33m,[39m [33mDownload[39m[33m,[39m [33mFile[39m[33m,[39m 
[33mTrash2[39m[33m,[39m [33mShieldCheck[39m } [36mfrom[39m [32m'lucide-react'[39m[33m;[39m
 [90m 6 |[39m[0m



Import traces:
  Client Component Browser:
    ./app/protect-pdf/page.jsx [Client Component Browser]
    ./app/protect-pdf/page.jsx [Server Component]

  Client Component SSR:
    ./app/protect-pdf/page.jsx [Client Component SSR]
    ./app/protect-pdf/page.jsx [Server Component]

https://nextjs.org/docs/messages/module-not-found


./app/repair-pdf/page.jsx:3:1
Module not found: Can't resolve '../components/FileUploader'
[0m [90m 1 |[39m [32m'use client'[39m[33m;[39m
 [90m 2 |[39m [36mimport[39m { useState } [36mfrom[39m [32m'react'[39m[33m;[39m
[31m[1m>[22m[39m[90m 3 |[39m [36mimport[39m [33mFileUploader[39m [36mfrom[39m 
[32m'../components/FileUploader'[39m[33m;[39m
 [90m   |[39m [31m[1m^[22m[39m[31m[1m^[22m[39m[31m[1m^[22m[39m[31m[1m^[22m[39m[31m[1m^[22m[39m[3
1m[1m^[22m[39m[31m[1m^[22m[39m[31m[1m^[22m[39m[31m[1m^[22m[39m[31m[1m^[22m[39m[31m[1m^[22m[39m[
31m[1m^[22m[39m[31m[1m^[22m[39m[31m[1m^[22m[39m[31m[1m^[22m[39m[31m[1m^[22m[39m[31m[1m^[22m[39m
[31m[1m^[22m[39m[31m[1m^[22m[39m[31m[1m^[22m[39m[31m[1m^[22m[39m[31m[1m^[22m[39m[31m[1m^[22m[39m
[31m[1m^[22m[39m[31m[1m^[22m[39m[31m[1m^[22m[39m[31m[1m^[22m[39m[31m[1m^[22m[39m[31m[1m^[22m[39
m[31m[1m^[22m[39m[31m[1m^[22m[39m[31m[1m^[22m[39m[31m[1m^[22m[39m[31m[1m^[22m[39m[31m[1m^[22m[3
9m[31m[1m^[22m[39m[31m[1m^[22m[39m[31m[1m^[22m[39m[31m[1m^[22m[39m[31m[1m^[22m[39m[31m[1m^[22m[
39m[31m[1m^[22m[39m[31m[1m^[22m[39m[31m[1m^[22m[39m[31m[1m^[22m[39m[31m[1m^[22m[39m[31m[1m^[22m
[39m[31m[1m^[22m[39m[31m[1m^[22m[39m[31m[1m^[22m[39m[31m[1m^[22m[39m[31m[1m^[22m[39m[31m[1m^[22m
[39m[31m[1m^[22m[39m
 [90m 4 |[39m [36mimport[39m { repairPdf } [36mfrom[39m [32m'../utils/pdfUtils'[39m[33m;[39m
 [90m 5 |[39m [36mimport[39m { [33mWrench[39m[33m,[39m [33mDownload[39m[33m,[39m 
[33mFileJson[39m[33m,[39m [33mTrash2[39m[33m,[39m [33mAlertTriangle[39m } [36mfrom[39m 
[32m'lucide-react'[39m[33m;[39m
 [90m 6 |[39m[0m



Import traces:
  Client Component Browser:
    ./app/repair-pdf/page.jsx [Client Component Browser]
    ./app/repair-pdf/page.jsx [Server Component]

  Client Component SSR:
    ./app/repair-pdf/page.jsx [Client Component SSR]
    ./app/repair-pdf/page.jsx [Server Component]

https://nextjs.org/docs/messages/module-not-found


./app/rotate-pdf/page.jsx:3:1
Module not found: Can't resolve '../components/FileUploader'
[0m [90m 1 |[39m [32m'use client'[39m[33m;[39m
 [90m 2 |[39m [36mimport[39m { useState } [36mfrom[39m [32m'react'[39m[33m;[39m
[31m[1m>[22m[39m[90m 3 |[39m [36mimport[39m [33mFileUploader[39m [36mfrom[39m 
[32m'../components/FileUploader'[39m[33m;[39m
 [90m   |[39m [31m[1m^[22m[39m[31m[1m^[22m[39m[31m[1m^[22m[39m[31m[1m^[22m[39m[31m[1m^[22m[39m[3
1m[1m^[22m[39m[31m[1m^[22m[39m[31m[1m^[22m[39m[31m[1m^[22m[39m[31m[1m^[22m[39m[31m[1m^[22m[39m[
31m[1m^[22m[39m[31m[1m^[22m[39m[31m[1m^[22m[39m[31m[1m^[22m[39m[31m[1m^[22m[39m[31m[1m^[22m[39m
[31m[1m^[22m[39m[31m[1m^[22m[39m[31m[1m^[22m[39m[31m[1m^[22m[39m[31m[1m^[22m[39m[31m[1m^[22m[39m
[31m[1m^[22m[39m[31m[1m^[22m[39m[31m[1m^[22m[39m[31m[1m^[22m[39m[31m[1m^[22m[39m[31m[1m^[22m[39
m[31m[1m^[22m[39m[31m[1m^[22m[39m[31m[1m^[22m[39m[31m[1m^[22m[39m[31m[1m^[22m[39m[31m[1m^[22m[3
9m[31m[1m^[22m[39m[31m[1m^[22m[39m[31m[1m^[22m[39m[31m[1m^[22m[39m[31m[1m^[22m[39m[31m[1m^[22m[
39m[31m[1m^[22m[39m[31m[1m^[22m[39m[31m[1m^[22m[39m[31m[1m^[22m[39m[31m[1m^[22m[39m[31m[1m^[22m
[39m[31m[1m^[22m[39m[31m[1m^[22m[39m[31m[1m^[22m[39m[31m[1m^[22m[39m[31m[1m^[22m[39m[31m[1m^[22m
[39m[31m[1m^[22m[39m
 [90m 4 |[39m [36mimport[39m { rotatePdf } [36mfrom[39m [32m'../utils/conversionUtils'[39m[33m;[39m
 [90m 5 |[39m [36mimport[39m { [33mRotateCw[39m[33m,[39m [33mDownload[39m[33m,[39m 
[33mFile[39m[33m,[39m [33mTrash2[39m[33m,[39m [33mRotateCcw[39m[33m,[39m [33mRefreshCcw[39m } 
[36mfrom[39m [32m'lucide-react'[39m[33m;[39m
 [90m 6 |[39m[0m



Import traces:
  Client Component Browser:
    ./app/rotate-pdf/page.jsx [Client Component Browser]
    ./app/rotate-pdf/page.jsx [Server Component]

  Client Component SSR:
    ./app/rotate-pdf/page.jsx [Client Component SSR]
    ./app/rotate-pdf/page.jsx [Server Component]

https://nextjs.org/docs/messages/module-not-found


./app/split-pdf/page.jsx:3:1
Module not found: Can't resolve '../components/FileUploader'
[0m [90m 1 |[39m [32m'use client'[39m[33m;[39m
 [90m 2 |[39m [36mimport[39m { useState[33m,[39m useEffect[33m,[39m useRef[33m,[39m useCallback } 
[36mfrom[39m [32m'react'[39m[33m;[39m
[31m[1m>[22m[39m[90m 3 |[39m [36mimport[39m [33mFileUploader[39m [36mfrom[39m 
[32m'../components/FileUploader'[39m[33m;[39m
 [90m   |[39m [31m[1m^[22m[39m[31m[1m^[22m[39m[31m[1m^[22m[39m[31m[1m^[22m[39m[31m[1m^[22m[39m[3
1m[1m^[22m[39m[31m[1m^[22m[39m[31m[1m^[22m[39m[31m[1m^[22m[39m[31m[1m^[22m[39m[31m[1m^[22m[39m[
31m[1m^[22m[39m[31m[1m^[22m[39m[31m[1m^[22m[39m[31m[1m^[22m[39m[31m[1m^[22m[39m[31m[1m^[22m[39m
[31m[1m^[22m[39m[31m[1m^[22m[39m[31m[1m^[22m[39m[31m[1m^[22m[39m[31m[1m^[22m[39m[31m[1m^[22m[39m
[31m[1m^[22m[39m[31m[1m^[22m[39m[31m[1m^[22m[39m[31m[1m^[22m[39m[31m[1m^[22m[39m[31m[1m^[22m[39
m[31m[1m^[22m[39m[31m[1m^[22m[39m[31m[1m^[22m[39m[31m[1m^[22m[39m[31m[1m^[22m[39m[31m[1m^[22m[3
9m[31m[1m^[22m[39m[31m[1m^[22m[39m[31m[1m^[22m[39m[31m[1m^[22m[39m[31m[1m^[22m[39m[31m[1m^[22m[
39m[31m[1m^[22m[39m[31m[1m^[22m[39m[31m[1m^[22m[39m[31m[1m^[22m[39m[31m[1m^[22m[39m[31m[1m^[22m
[39m[31m[1m^[22m[39m[31m[1m^[22m[39m[31m[1m^[22m[39m[31m[1m^[22m[39m[31m[1m^[22m[39m[31m[1m^[22m
[39m[31m[1m^[22m[39m
 [90m 4 |[39m [36mimport[39m { splitPdf } [36mfrom[39m [32m'../utils/pdfUtils'[39m[33m;[39m
 [90m 5 |[39m [36mimport[39m { [33mScissors[39m[33m,[39m [33mDownload[39m[33m,[39m [33mX[39m[33m,[39m 
[33mFileText[39m[33m,[39m [33mChevronLeft[39m[33m,[39m [33mChevronRight[39m[33m,[39m 
[33mEye[39m[33m,[39m [33mPencil[39m[33m,[39m [33mRotateCcw[39m[33m,[39m [33mTrash2[39m } [36mfrom[39m 
[32m'lucide-react'[39m[33m;[39m
 [90m 6 |[39m [36mimport[39m [33m*[39m [36mas[39m pdfjsLib [36mfrom[39m [32m'pdfjs-dist'[39m[33m;[39m[0m



Import traces:
  Client Component Browser:
    ./app/split-pdf/page.jsx [Client Component Browser]
    ./app/split-pdf/page.jsx [Server Component]

  Client Component SSR:
    ./app/split-pdf/page.jsx [Client Component SSR]
    ./app/split-pdf/page.jsx [Server Component]

https://nextjs.org/docs/messages/module-not-found


./app/unlock-pdf/page.jsx:3:1
Module not found: Can't resolve '../components/FileUploader'
[0m [90m 1 |[39m [32m'use client'[39m[33m;[39m
 [90m 2 |[39m [36mimport[39m { useState } [36mfrom[39m [32m'react'[39m[33m;[39m
[31m[1m>[22m[39m[90m 3 |[39m [36mimport[39m [33mFileUploader[39m [36mfrom[39m 
[32m'../components/FileUploader'[39m[33m;[39m
 [90m   |[39m [31m[1m^[22m[39m[31m[1m^[22m[39m[31m[1m^[22m[39m[31m[1m^[22m[39m[31m[1m^[22m[39m[3
1m[1m^[22m[39m[31m[1m^[22m[39m[31m[1m^[22m[39m[31m[1m^[22m[39m[31m[1m^[22m[39m[31m[1m^[22m[39m[
31m[1m^[22m[39m[31m[1m^[22m[39m[31m[1m^[22m[39m[31m[1m^[22m[39m[31m[1m^[22m[39m[31m[1m^[22m[39m
[31m[1m^[22m[39m[31m[1m^[22m[39m[31m[1m^[22m[39m[31m[1m^[22m[39m[31m[1m^[22m[39m[31m[1m^[22m[39m
[31m[1m^[22m[39m[31m[1m^[22m[39m[31m[1m^[22m[39m[31m[1m^[22m[39m[31m[1m^[22m[39m[31m[1m^[22m[39
m[31m[1m^[22m[39m[31m[1m^[22m[39m[31m[1m^[22m[39m[31m[1m^[22m[39m[31m[1m^[22m[39m[31m[1m^[22m[3
9m[31m[1m^[22m[39m[31m[1m^[22m[39m[31m[1m^[22m[39m[31m[1m^[22m[39m[31m[1m^[22m[39m[31m[1m^[22m[
39m[31m[1m^[22m[39m[31m[1m^[22m[39m[31m[1m^[22m[39m[31m[1m^[22m[39m[31m[1m^[22m[39m[31m[1m^[22m
[39m[31m[1m^[22m[39m[31m[1m^[22m[39m[31m[1m^[22m[39m[31m[1m^[22m[39m[31m[1m^[22m[39m[31m[1m^[22m
[39m[31m[1m^[22m[39m
 [90m 4 |[39m [36mimport[39m { unlockPdf } [36mfrom[39m [32m'../utils/conversionUtils'[39m[33m;[39m
 [90m 5 |[39m [36mimport[39m { [33mUnlock[39m[33m,[39m [33mDownload[39m[33m,[39m [33mFile[39m[33m,[39m 
[33mTrash2[39m } [36mfrom[39m [32m'lucide-react'[39m[33m;[39m
 [90m 6 |[39m[0m



Import traces:
  Client Component Browser:
    ./app/unlock-pdf/page.jsx [Client Component Browser]
    ./app/unlock-pdf/page.jsx [Server Component]

  Client Component SSR:
    ./app/unlock-pdf/page.jsx [Client Component SSR]
    ./app/unlock-pdf/page.jsx [Server Component]

https://nextjs.org/docs/messages/module-not-found


./app/add-watermark/page.jsx:4:1
Module not found: Can't resolve '../components/PDFPreviewWithWatermark'
[0m [90m 2 |[39m [36mimport[39m { useState } [36mfrom[39m [32m'react'[39m[33m;[39m
 [90m 3 |[39m [36mimport[39m [33mFileUploader[39m [36mfrom[39m 
[32m'../components/FileUploader'[39m[33m;[39m
[31m[1m>[22m[39m[90m 4 |[39m [36mimport[39m [33mPDFPreviewWithWatermark[39m [36mfrom[39m 
[32m'../components/PDFPreviewWithWatermark'[39m[33m;[39m
 [90m   |[39m [31m[1m^[22m[39m[31m[1m^[22m[39m[31m[1m^[22m[39m[31m[1m^[22m[39m[31m[1m^[22m[39m[3
1m[1m^[22m[39m[31m[1m^[22m[39m[31m[1m^[22m[39m[31m[1m^[22m[39m[31m[1m^[22m[39m[31m[1m^[22m[39m[
31m[1m^[22m[39m[31m[1m^[22m[39m[31m[1m^[22m[39m[31m[1m^[22m[39m[31m[1m^[22m[39m[31m[1m^[22m[39m
[31m[1m^[22m[39m[31m[1m^[22m[39m[31m[1m^[22m[39m[31m[1m^[22m[39m[31m[1m^[22m[39m[31m[1m^[22m[39m
[31m[1m^[22m[39m[31m[1m^[22m[39m[31m[1m^[22m[39m[31m[1m^[22m[39m[31m[1m^[22m[39m[31m[1m^[22m[39
m[31m[1m^[22m[39m[31m[1m^[22m[39m[31m[1m^[22m[39m[31m[1m^[22m[39m[31m[1m^[22m[39m[31m[1m^[22m[3
9m[31m[1m^[22m[39m[31m[1m^[22m[39m[31m[1m^[22m[39m[31m[1m^[22m[39m[31m[1m^[22m[39m[31m[1m^[22m[
39m[31m[1m^[22m[39m[31m[1m^[22m[39m[31m[1m^[22m[39m[31m[1m^[22m[39m[31m[1m^[22m[39m[31m[1m^[22m
[39m[31m[1m^[22m[39m[31m[1m^[22m[39m[31m[1m^[22m[39m[31m[1m^[22m[39m[31m[1m^[22m[39m[31m[1m^[22m
[39m[31m[1m^[22m[39m[31m[1m^[22m[39m[31m[1m^[22m[39m[31m[1m^[22m[39m[31m[1m^[22m[39m[31m[1m^[22
m[39m[31m[1m^[22m[39m[31m[1m^[22m[39m[31m[1m^[22m[39m[31m[1m^[22m[39m[31m[1m^[22m[39m[31m[1m^[2
2m[39m[31m[1m^[22m[39m[31m[1m^[22m[39m[31m[1m^[22m[39m[31m[1m^[22m[39m[31m[1m^[22m[39m[31m[1m^[
22m[39m[31m[1m^[22m[39m[31m[1m^[22m[39m[31m[1m^[22m[39m[31m[1m^[22m[39m[31m[1m^[22m[39m
 [90m 5 |[39m [36mimport[39m { addWatermark } [36mfrom[39m [32m'../utils/conversionUtils'[39m[33m;[39m
 [90m 6 |[39m [36mimport[39m {
 [90m 7 |[39m     [33mStamp[39m[33m,[39m [33mDownload[39m[33m,[39m [33mFile[39m[33m,[39m 
[33mTrash2[39m[33m,[39m[0m



Import traces:
  Client Component Browser:
    ./app/add-watermark/page.jsx [Client Component Browser]
    ./app/add-watermark/page.jsx [Server Component]

  Client Component SSR:
    ./app/add-watermark/page.jsx [Client Component SSR]
    ./app/add-watermark/page.jsx [Server Component]

https://nextjs.org/docs/messages/module-not-found


./app/scan-mobile/[sessionId]/page.jsx:4:1
Module not found: Can't resolve '../lib/firebase'
[0m [90m 2 |[39m [36mimport[39m [33mReact[39m[33m,[39m { useState } [36mfrom[39m 
[32m'react'[39m[33m;[39m
 [90m 3 |[39m [36mimport[39m { [33mCamera[39m[33m,[39m [33mCheck[39m[33m,[39m [33mLoader2[39m[33m,[39m 
[33mUploadCloud[39m } [36mfrom[39m [32m'lucide-react'[39m[33m;[39m
[31m[1m>[22m[39m[90m 4 |[39m [36mimport[39m { db[33m,[39m storage } [36mfrom[39m 
[32m'../lib/firebase'[39m[33m;[39m
 [90m   |[39m [31m[1m^[22m[39m[31m[1m^[22m[39m[31m[1m^[22m[39m[31m[1m^[22m[39m[31m[1m^[22m[39m[3
1m[1m^[22m[39m[31m[1m^[22m[39m[31m[1m^[22m[39m[31m[1m^[22m[39m[31m[1m^[22m[39m[31m[1m^[22m[39m[
31m[1m^[22m[39m[31m[1m^[22m[39m[31m[1m^[22m[39m[31m[1m^[22m[39m[31m[1m^[22m[39m[31m[1m^[22m[39m
[31m[1m^[22m[39m[31m[1m^[22m[39m[31m[1m^[22m[39m[31m[1m^[22m[39m[31m[1m^[22m[39m[31m[1m^[22m[39m
[31m[1m^[22m[39m[31m[1m^[22m[39m[31m[1m^[22m[39m[31m[1m^[22m[39m[31m[1m^[22m[39m[31m[1m^[22m[39
m[31m[1m^[22m[39m[31m[1m^[22m[39m[31m[1m^[22m[39m[31m[1m^[22m[39m[31m[1m^[22m[39m[31m[1m^[22m[3
9m[31m[1m^[22m[39m[31m[1m^[22m[39m[31m[1m^[22m[39m[31m[1m^[22m[39m[31m[1m^[22m[39m[31m[1m^[22m[
39m[31m[1m^[22m[39m[31m[1m^[22m[39m[31m[1m^[22m[39m[31m[1m^[22m[39m[31m[1m^[22m[39m
 [90m 5 |[39m [36mimport[39m { ref[33m,[39m uploadBytes[33m,[39m getDownloadURL } [36mfrom[39m 
[32m'firebase/storage'[39m[33m;[39m
 [90m 6 |[39m [36mimport[39m { doc[33m,[39m updateDoc[33m,[39m arrayUnion } [36mfrom[39m 
[32m'firebase/firestore'[39m[33m;[39m
 [90m 7 |[39m [36mimport[39m { useParams } [36mfrom[39m [32m'next/navigation'[39m[33m;[39m[0m



Import traces:
  Client Component Browser:
    ./app/scan-mobile/[sessionId]/page.jsx [Client Component Browser]
    ./app/scan-mobile/[sessionId]/page.jsx [Server Component]

  Client Component SSR:
    ./app/scan-mobile/[sessionId]/page.jsx [Client Component SSR]
    ./app/scan-mobile/[sessionId]/page.jsx [Server Component]

https://nextjs.org/docs/messages/module-not-found


./app/scan-to-pdf/page.jsx:4:1
Module not found: Can't resolve '../lib/firebase'
[0m [90m 2 |[39m [36mimport[39m [33mReact[39m[33m,[39m { useState[33m,[39m useEffect } [36mfrom[39m 
[32m'react'[39m[33m;[39m
 [90m 3 |[39m [36mimport[39m { [33mQRCodeSVG[39m } [36mfrom[39m [32m'qrcode.react'[39m[33m;[39m
[31m[1m>[22m[39m[90m 4 |[39m [36mimport[39m { db } [36mfrom[39m [32m'../lib/firebase'[39m[33m;[39m
 [90m   |[39m [31m[1m^[22m[39m[31m[1m^[22m[39m[31m[1m^[22m[39m[31m[1m^[22m[39m[31m[1m^[22m[39m[3
1m[1m^[22m[39m[31m[1m^[22m[39m[31m[1m^[22m[39m[31m[1m^[22m[39m[31m[1m^[22m[39m[31m[1m^[22m[39m[
31m[1m^[22m[39m[31m[1m^[22m[39m[31m[1m^[22m[39m[31m[1m^[22m[39m[31m[1m^[22m[39m[31m[1m^[22m[39m
[31m[1m^[22m[39m[31m[1m^[22m[39m[31m[1m^[22m[39m[31m[1m^[22m[39m[31m[1m^[22m[39m[31m[1m^[22m[39m
[31m[1m^[22m[39m[31m[1m^[22m[39m[31m[1m^[22m[39m[31m[1m^[22m[39m[31m[1m^[22m[39m[31m[1m^[22m[39
m[31m[1m^[22m[39m[31m[1m^[22m[39m[31m[1m^[22m[39m[31m[1m^[22m[39m[31m[1m^[22m[39m[31m[1m^[22m[3
9m[31m[1m^[22m[39m[31m[1m^[22m[39m
 [90m 5 |[39m [36mimport[39m { doc[33m,[39m onSnapshot[33m,[39m setDoc } [36mfrom[39m 
[32m'firebase/firestore'[39m[33m;[39m
 [90m 6 |[39m [36mimport[39m { [33mSmartphone[39m[33m,[39m [33mDownload[39m[33m,[39m [33mLoader2[39m } 
[36mfrom[39m [32m'lucide-react'[39m[33m;[39m
 [90m 7 |[39m [36mimport[39m { convertImageToPdf } [36mfrom[39m 
[32m'../utils/conversionUtils'[39m[33m;[39m[0m



Import traces:
  Client Component Browser:
    ./app/scan-to-pdf/page.jsx [Client Component Browser]
    ./app/scan-to-pdf/page.jsx [Server Component]

  Client Component SSR:
    ./app/scan-to-pdf/page.jsx [Client Component SSR]
    ./app/scan-to-pdf/page.jsx [Server Component]

https://nextjs.org/docs/messages/module-not-found


./app/add-page-numbers/page.jsx:4:1
Module not found: Can't resolve '../utils/conversionUtils'
[0m [90m 2 |[39m [36mimport[39m { useState } [36mfrom[39m [32m'react'[39m[33m;[39m
 [90m 3 |[39m [36mimport[39m [33mFileUploader[39m [36mfrom[39m 
[32m'../components/FileUploader'[39m[33m;[39m
[31m[1m>[22m[39m[90m 4 |[39m [36mimport[39m { addPageNumbers } [36mfrom[39m 
[32m'../utils/conversionUtils'[39m[33m;[39m
 [90m   |[39m [31m[1m^[22m[39m[31m[1m^[22m[39m[31m[1m^[22m[39m[31m[1m^[22m[39m[31m[1m^[22m[39m[3
1m[1m^[22m[39m[31m[1m^[22m[39m[31m[1m^[22m[39m[31m[1m^[22m[39m[31m[1m^[22m[39m[31m[1m^[22m[39m[
31m[1m^[22m[39m[31m[1m^[22m[39m[31m[1m^[22m[39m[31m[1m^[22m[39m[31m[1m^[22m[39m[31m[1m^[22m[39m
[31m[1m^[22m[39m[31m[1m^[22m[39m[31m[1m^[22m[39m[31m[1m^[22m[39m[31m[1m^[22m[39m[31m[1m^[22m[39m
[31m[1m^[22m[39m[31m[1m^[22m[39m[31m[1m^[22m[39m[31m[1m^[22m[39m[31m[1m^[22m[39m[31m[1m^[22m[39
m[31m[1m^[22m[39m[31m[1m^[22m[39m[31m[1m^[22m[39m[31m[1m^[22m[39m[31m[1m^[22m[39m[31m[1m^[22m[3
9m[31m[1m^[22m[39m[31m[1m^[22m[39m[31m[1m^[22m[39m[31m[1m^[22m[39m[31m[1m^[22m[39m[31m[1m^[22m[
39m[31m[1m^[22m[39m[31m[1m^[22m[39m[31m[1m^[22m[39m[31m[1m^[22m[39m[31m[1m^[22m[39m[31m[1m^[22m
[39m[31m[1m^[22m[39m[31m[1m^[22m[39m[31m[1m^[22m[39m[31m[1m^[22m[39m[31m[1m^[22m[39m[31m[1m^[22m
[39m[31m[1m^[22m[39m[31m[1m^[22m[39m[31m[1m^[22m[39m[31m[1m^[22m[39m[31m[1m^[22m[39m
 [90m 5 |[39m [36mimport[39m { [33mHash[39m[33m,[39m [33mDownload[39m[33m,[39m [33mFile[39m[33m,[39m 
[33mTrash2[39m[33m,[39m [33mLayoutTemplate[39m } [36mfrom[39m [32m'lucide-react'[39m[33m;[39m
 [90m 6 |[39m
 [90m 7 |[39m [36mconst[39m [33mAddPageNumbers[39m [33m=[39m () [33m=>[39m {[0m



Import traces:
  Client Component Browser:
    ./app/add-page-numbers/page.jsx [Client Component Browser]
    ./app/add-page-numbers/page.jsx [Server Component]

  Client Component SSR:
    ./app/add-page-numbers/page.jsx [Client Component SSR]
    ./app/add-page-numbers/page.jsx [Server Component]

https://nextjs.org/docs/messages/module-not-found


./app/add-watermark/page.jsx:5:1
Module not found: Can't resolve '../utils/conversionUtils'
[0m [90m 3 |[39m [36mimport[39m [33mFileUploader[39m [36mfrom[39m 
[32m'../components/FileUploader'[39m[33m;[39m
 [90m 4 |[39m [36mimport[39m [33mPDFPreviewWithWatermark[39m [36mfrom[39m 
[32m'../components/PDFPreviewWithWatermark'[39m[33m;[39m
[31m[1m>[22m[39m[90m 5 |[39m [36mimport[39m { addWatermark } [36mfrom[39m 
[32m'../utils/conversionUtils'[39m[33m;[39m
 [90m   |[39m [31m[1m^[22m[39m[31m[1m^[22m[39m[31m[1m^[22m[39m[31m[1m^[22m[39m[31m[1m^[22m[39m[3
1m[1m^[22m[39m[31m[1m^[22m[39m[31m[1m^[22m[39m[31m[1m^[22m[39m[31m[1m^[22m[39m[31m[1m^[22m[39m[
31m[1m^[22m[39m[31m[1m^[22m[39m[31m[1m^[22m[39m[31m[1m^[22m[39m[31m[1m^[22m[39m[31m[1m^[22m[39m
[31m[1m^[22m[39m[31m[1m^[22m[39m[31m[1m^[22m[39m[31m[1m^[22m[39m[31m[1m^[22m[39m[31m[1m^[22m[39m
[31m[1m^[22m[39m[31m[1m^[22m[39m[31m[1m^[22m[39m[31m[1m^[22m[39m[31m[1m^[22m[39m[31m[1m^[22m[39
m[31m[1m^[22m[39m[31m[1m^[22m[39m[31m[1m^[22m[39m[31m[1m^[22m[39m[31m[1m^[22m[39m[31m[1m^[22m[3
9m[31m[1m^[22m[39m[31m[1m^[22m[39m[31m[1m^[22m[39m[31m[1m^[22m[39m[31m[1m^[22m[39m[31m[1m^[22m[
39m[31m[1m^[22m[39m[31m[1m^[22m[39m[31m[1m^[22m[39m[31m[1m^[22m[39m[31m[1m^[22m[39m[31m[1m^[22m
[39m[31m[1m^[22m[39m[31m[1m^[22m[39m[31m[1m^[22m[39m[31m[1m^[22m[39m[31m[1m^[22m[39m[31m[1m^[22m
[39m[31m[1m^[22m[39m[31m[1m^[22m[39m[31m[1m^[22m[39m
 [90m 6 |[39m [36mimport[39m {
 [90m 7 |[39m     [33mStamp[39m[33m,[39m [33mDownload[39m[33m,[39m [33mFile[39m[33m,[39m 
[33mTrash2[39m[33m,[39m
 [90m 8 |[39m     [33mType[39m[33m,[39m [33mLayout[39m[33m,[39m [33mDroplet[39m[33m,[39m[0m



Import traces:
  Client Component Browser:
    ./app/add-watermark/page.jsx [Client Component Browser]
    ./app/add-watermark/page.jsx [Server Component]

  Client Component SSR:
    ./app/add-watermark/page.jsx [Client Component SSR]
    ./app/add-watermark/page.jsx [Server Component]

https://nextjs.org/docs/messages/module-not-found


./app/crop-pdf/page.jsx:4:1
Module not found: Can't resolve '../utils/conversionUtils'
[0m [90m 2 |[39m [36mimport[39m [33mReact[39m[33m,[39m { useState[33m,[39m useRef[33m,[39m useEffect } 
[36mfrom[39m [32m'react'[39m[33m;[39m
 [90m 3 |[39m [36mimport[39m { [33mFileBadge[39m[33m,[39m [33mArrowRight[39m[33m,[39m 
[33mDownload[39m[33m,[39m [33mLoader2[39m[33m,[39m [33mCrop[39m[33m,[39m [33mCheck[39m[33m,[39m 
[33mX[39m } [36mfrom[39m [32m'lucide-react'[39m[33m;[39m
[31m[1m>[22m[39m[90m 4 |[39m [36mimport[39m { cropPdf } [36mfrom[39m 
[32m'../utils/conversionUtils'[39m[33m;[39m
 [90m   |[39m [31m[1m^[22m[39m[31m[1m^[22m[39m[31m[1m^[22m[39m[31m[1m^[22m[39m[31m[1m^[22m[39m[3
1m[1m^[22m[39m[31m[1m^[22m[39m[31m[1m^[22m[39m[31m[1m^[22m[39m[31m[1m^[22m[39m[31m[1m^[22m[39m[
31m[1m^[22m[39m[31m[1m^[22m[39m[31m[1m^[22m[39m[31m[1m^[22m[39m[31m[1m^[22m[39m[31m[1m^[22m[39m
[31m[1m^[22m[39m[31m[1m^[22m[39m[31m[1m^[22m[39m[31m[1m^[22m[39m[31m[1m^[22m[39m[31m[1m^[22m[39m
[31m[1m^[22m[39m[31m[1m^[22m[39m[31m[1m^[22m[39m[31m[1m^[22m[39m[31m[1m^[22m[39m[31m[1m^[22m[39
m[31m[1m^[22m[39m[31m[1m^[22m[39m[31m[1m^[22m[39m[31m[1m^[22m[39m[31m[1m^[22m[39m[31m[1m^[22m[3
9m[31m[1m^[22m[39m[31m[1m^[22m[39m[31m[1m^[22m[39m[31m[1m^[22m[39m[31m[1m^[22m[39m[31m[1m^[22m[
39m[31m[1m^[22m[39m[31m[1m^[22m[39m[31m[1m^[22m[39m[31m[1m^[22m[39m[31m[1m^[22m[39m[31m[1m^[22m
[39m[31m[1m^[22m[39m[31m[1m^[22m[39m[31m[1m^[22m[39m[31m[1m^[22m[39m
 [90m 5 |[39m [36mimport[39m [33m*[39m [36mas[39m pdfjsLib [36mfrom[39m [32m'pdfjs-dist'[39m[33m;[39m
 [90m 6 |[39m
 [90m 7 |[39m [90m// Configure PDF.js worker[39m[0m



Import traces:
  Client Component Browser:
    ./app/crop-pdf/page.jsx [Client Component Browser]
    ./app/crop-pdf/page.jsx [Server Component]

  Client Component SSR:
    ./app/crop-pdf/page.jsx [Client Component SSR]
    ./app/crop-pdf/page.jsx [Server Component]

https://nextjs.org/docs/messages/module-not-found


./app/excel-to-pdf/page.jsx:4:1
Module not found: Can't resolve '../utils/conversionUtils'
[0m [90m 2 |[39m [36mimport[39m { useState } [36mfrom[39m [32m'react'[39m[33m;[39m
 [90m 3 |[39m [36mimport[39m [33mFileUploader[39m [36mfrom[39m 
[32m'../components/FileUploader'[39m[33m;[39m
[31m[1m>[22m[39m[90m 4 |[39m [36mimport[39m { convertExcelToPdf } [36mfrom[39m 
[32m'../utils/conversionUtils'[39m[33m;[39m
 [90m   |[39m [31m[1m^[22m[39m[31m[1m^[22m[39m[31m[1m^[22m[39m[31m[1m^[22m[39m[31m[1m^[22m[39m[3
1m[1m^[22m[39m[31m[1m^[22m[39m[31m[1m^[22m[39m[31m[1m^[22m[39m[31m[1m^[22m[39m[31m[1m^[22m[39m[
31m[1m^[22m[39m[31m[1m^[22m[39m[31m[1m^[22m[39m[31m[1m^[22m[39m[31m[1m^[22m[39m[31m[1m^[22m[39m
[31m[1m^[22m[39m[31m[1m^[22m[39m[31m[1m^[22m[39m[31m[1m^[22m[39m[31m[1m^[22m[39m[31m[1m^[22m[39m
[31m[1m^[22m[39m[31m[1m^[22m[39m[31m[1m^[22m[39m[31m[1m^[22m[39m[31m[1m^[22m[39m[31m[1m^[22m[39
m[31m[1m^[22m[39m[31m[1m^[22m[39m[31m[1m^[22m[39m[31m[1m^[22m[39m[31m[1m^[22m[39m[31m[1m^[22m[3
9m[31m[1m^[22m[39m[31m[1m^[22m[39m[31m[1m^[22m[39m[31m[1m^[22m[39m[31m[1m^[22m[39m[31m[1m^[22m[
39m[31m[1m^[22m[39m[31m[1m^[22m[39m[31m[1m^[22m[39m[31m[1m^[22m[39m[31m[1m^[22m[39m[31m[1m^[22m
[39m[31m[1m^[22m[39m[31m[1m^[22m[39m[31m[1m^[22m[39m[31m[1m^[22m[39m[31m[1m^[22m[39m[31m[1m^[22m
[39m[31m[1m^[22m[39m[31m[1m^[22m[39m[31m[1m^[22m[39m[31m[1m^[22m[39m[31m[1m^[22m[39m[31m[1m^[22
m[39m[31m[1m^[22m[39m[31m[1m^[22m[39m
 [90m 5 |[39m [36mimport[39m { [33mFileSpreadsheet[39m[33m,[39m [33mDownload[39m[33m,[39m 
[33mFileJson[39m[33m,[39m [33mTrash2[39m } [36mfrom[39m [32m'lucide-react'[39m[33m;[39m
 [90m 6 |[39m
 [90m 7 |[39m [36mconst[39m [33mExcelToPdf[39m [33m=[39m () [33m=>[39m {[0m



Import traces:
  Client Component Browser:
    ./app/excel-to-pdf/page.jsx [Client Component Browser]
    ./app/excel-to-pdf/page.jsx [Server Component]

  Client Component SSR:
    ./app/excel-to-pdf/page.jsx [Client Component SSR]
    ./app/excel-to-pdf/page.jsx [Server Component]

https://nextjs.org/docs/messages/module-not-found


./app/jpg-to-pdf/page.jsx:4:1
Module not found: Can't resolve '../utils/conversionUtils'
[0m [90m 2 |[39m [36mimport[39m { useState } [36mfrom[39m [32m'react'[39m[33m;[39m
 [90m 3 |[39m [36mimport[39m [33mFileUploader[39m [36mfrom[39m 
[32m'../components/FileUploader'[39m[33m;[39m
[31m[1m>[22m[39m[90m 4 |[39m [36mimport[39m { convertImageToPdf } [36mfrom[39m 
[32m'../utils/conversionUtils'[39m[33m;[39m
 [90m   |[39m [31m[1m^[22m[39m[31m[1m^[22m[39m[31m[1m^[22m[39m[31m[1m^[22m[39m[31m[1m^[22m[39m[3
1m[1m^[22m[39m[31m[1m^[22m[39m[31m[1m^[22m[39m[31m[1m^[22m[39m[31m[1m^[22m[39m[31m[1m^[22m[39m[
31m[1m^[22m[39m[31m[1m^[22m[39m[31m[1m^[22m[39m[31m[1m^[22m[39m[31m[1m^[22m[39m[31m[1m^[22m[39m
[31m[1m^[22m[39m[31m[1m^[22m[39m[31m[1m^[22m[39m[31m[1m^[22m[39m[31m[1m^[22m[39m[31m[1m^[22m[39m
[31m[1m^[22m[39m[31m[1m^[22m[39m[31m[1m^[22m[39m[31m[1m^[22m[39m[31m[1m^[22m[39m[31m[1m^[22m[39
m[31m[1m^[22m[39m[31m[1m^[22m[39m[31m[1m^[22m[39m[31m[1m^[22m[39m[31m[1m^[22m[39m[31m[1m^[22m[3
9m[31m[1m^[22m[39m[31m[1m^[22m[39m[31m[1m^[22m[39m[31m[1m^[22m[39m[31m[1m^[22m[39m[31m[1m^[22m[
39m[31m[1m^[22m[39m[31m[1m^[22m[39m[31m[1m^[22m[39m[31m[1m^[22m[39m[31m[1m^[22m[39m[31m[1m^[22m
[39m[31m[1m^[22m[39m[31m[1m^[22m[39m[31m[1m^[22m[39m[31m[1m^[22m[39m[31m[1m^[22m[39m[31m[1m^[22m
[39m[31m[1m^[22m[39m[31m[1m^[22m[39m[31m[1m^[22m[39m[31m[1m^[22m[39m[31m[1m^[22m[39m[31m[1m^[22
m[39m[31m[1m^[22m[39m[31m[1m^[22m[39m
 [90m 5 |[39m [36mimport[39m { [33mImage[39m[33m,[39m [33mDownload[39m[33m,[39m [33mFile[39m[33m,[39m 
[33mTrash2[39m[33m,[39m [33mPlus[39m } [36mfrom[39m [32m'lucide-react'[39m[33m;[39m
 [90m 6 |[39m
 [90m 7 |[39m [36mconst[39m [33mJpgToPdf[39m [33m=[39m () [33m=>[39m {[0m



Import traces:
  Client Component Browser:
    ./app/jpg-to-pdf/page.jsx [Client Component Browser]
    ./app/jpg-to-pdf/page.jsx [Server Component]

  Client Component SSR:
    ./app/jpg-to-pdf/page.jsx [Client Component SSR]
    ./app/jpg-to-pdf/page.jsx [Server Component]

https://nextjs.org/docs/messages/module-not-found


./app/pdf-to-pdf-a/page.jsx:4:1
Module not found: Can't resolve '../utils/conversionUtils'
[0m [90m 2 |[39m [36mimport[39m [33mReact[39m[33m,[39m { useState } [36mfrom[39m 
[32m'react'[39m[33m;[39m
 [90m 3 |[39m [36mimport[39m { [33mFileBadge[39m[33m,[39m [33mArrowRight[39m[33m,[39m 
[33mDownload[39m[33m,[39m [33mLoader2[39m[33m,[39m [33mAlertTriangle[39m[33m,[39m [33mCheckCircle[39m } 
[36mfrom[39m [32m'lucide-react'[39m[33m;[39m
[31m[1m>[22m[39m[90m 4 |[39m [36mimport[39m { convertToPdfA } [36mfrom[39m 
[32m'../utils/conversionUtils'[39m[33m;[39m
 [90m   |[39m [31m[1m^[22m[39m[31m[1m^[22m[39m[31m[1m^[22m[39m[31m[1m^[22m[39m[31m[1m^[22m[39m[3
1m[1m^[22m[39m[31m[1m^[22m[39m[31m[1m^[22m[39m[31m[1m^[22m[39m[31m[1m^[22m[39m[31m[1m^[22m[39m[
31m[1m^[22m[39m[31m[1m^[22m[39m[31m[1m^[22m[39m[31m[1m^[22m[39m[31m[1m^[22m[39m[31m[1m^[22m[39m
[31m[1m^[22m[39m[31m[1m^[22m[39m[31m[1m^[22m[39m[31m[1m^[22m[39m[31m[1m^[22m[39m[31m[1m^[22m[39m
[31m[1m^[22m[39m[31m[1m^[22m[39m[31m[1m^[22m[39m[31m[1m^[22m[39m[31m[1m^[22m[39m[31m[1m^[22m[39
m[31m[1m^[22m[39m[31m[1m^[22m[39m[31m[1m^[22m[39m[31m[1m^[22m[39m[31m[1m^[22m[39m[31m[1m^[22m[3
9m[31m[1m^[22m[39m[31m[1m^[22m[39m[31m[1m^[22m[39m[31m[1m^[22m[39m[31m[1m^[22m[39m[31m[1m^[22m[
39m[31m[1m^[22m[39m[31m[1m^[22m[39m[31m[1m^[22m[39m[31m[1m^[22m[39m[31m[1m^[22m[39m[31m[1m^[22m
[39m[31m[1m^[22m[39m[31m[1m^[22m[39m[31m[1m^[22m[39m[31m[1m^[22m[39m[31m[1m^[22m[39m[31m[1m^[22m
[39m[31m[1m^[22m[39m[31m[1m^[22m[39m[31m[1m^[22m[39m[31m[1m^[22m[39m
 [90m 5 |[39m
 [90m 6 |[39m [36mconst[39m [33mPdfToPdfA[39m [33m=[39m () [33m=>[39m {
 [90m 7 |[39m     [36mconst[39m [file[33m,[39m setFile] [33m=[39m useState([36mnull[39m)[33m;[39m[0m



Import traces:
  Client Component Browser:
    ./app/pdf-to-pdf-a/page.jsx [Client Component Browser]
    ./app/pdf-to-pdf-a/page.jsx [Server Component]

  Client Component SSR:
    ./app/pdf-to-pdf-a/page.jsx [Client Component SSR]
    ./app/pdf-to-pdf-a/page.jsx [Server Component]

https://nextjs.org/docs/messages/module-not-found


./app/protect-pdf/page.jsx:4:1
Module not found: Can't resolve '../utils/conversionUtils'
[0m [90m 2 |[39m [36mimport[39m { useState } [36mfrom[39m [32m'react'[39m[33m;[39m
 [90m 3 |[39m [36mimport[39m [33mFileUploader[39m [36mfrom[39m 
[32m'../components/FileUploader'[39m[33m;[39m
[31m[1m>[22m[39m[90m 4 |[39m [36mimport[39m { protectPdf } [36mfrom[39m 
[32m'../utils/conversionUtils'[39m[33m;[39m
 [90m   |[39m [31m[1m^[22m[39m[31m[1m^[22m[39m[31m[1m^[22m[39m[31m[1m^[22m[39m[31m[1m^[22m[39m[3
1m[1m^[22m[39m[31m[1m^[22m[39m[31m[1m^[22m[39m[31m[1m^[22m[39m[31m[1m^[22m[39m[31m[1m^[22m[39m[
31m[1m^[22m[39m[31m[1m^[22m[39m[31m[1m^[22m[39m[31m[1m^[22m[39m[31m[1m^[22m[39m[31m[1m^[22m[39m
[31m[1m^[22m[39m[31m[1m^[22m[39m[31m[1m^[22m[39m[31m[1m^[22m[39m[31m[1m^[22m[39m[31m[1m^[22m[39m
[31m[1m^[22m[39m[31m[1m^[22m[39m[31m[1m^[22m[39m[31m[1m^[22m[39m[31m[1m^[22m[39m[31m[1m^[22m[39
m[31m[1m^[22m[39m[31m[1m^[22m[39m[31m[1m^[22m[39m[31m[1m^[22m[39m[31m[1m^[22m[39m[31m[1m^[22m[3
9m[31m[1m^[22m[39m[31m[1m^[22m[39m[31m[1m^[22m[39m[31m[1m^[22m[39m[31m[1m^[22m[39m[31m[1m^[22m[
39m[31m[1m^[22m[39m[31m[1m^[22m[39m[31m[1m^[22m[39m[31m[1m^[22m[39m[31m[1m^[22m[39m[31m[1m^[22m
[39m[31m[1m^[22m[39m[31m[1m^[22m[39m[31m[1m^[22m[39m[31m[1m^[22m[39m[31m[1m^[22m[39m[31m[1m^[22m
[39m[31m[1m^[22m[39m
 [90m 5 |[39m [36mimport[39m { [33mLock[39m[33m,[39m [33mDownload[39m[33m,[39m [33mFile[39m[33m,[39m 
[33mTrash2[39m[33m,[39m [33mShieldCheck[39m } [36mfrom[39m [32m'lucide-react'[39m[33m;[39m
 [90m 6 |[39m
 [90m 7 |[39m [36mconst[39m [33mProtectPdf[39m [33m=[39m () [33m=>[39m {[0m



Import traces:
  Client Component Browser:
    ./app/protect-pdf/page.jsx [Client Component Browser]
    ./app/protect-pdf/page.jsx [Server Component]

  Client Component SSR:
    ./app/protect-pdf/page.jsx [Client Component SSR]
    ./app/protect-pdf/page.jsx [Server Component]

https://nextjs.org/docs/messages/module-not-found


./app/redact-pdf/page.jsx:4:1
Module not found: Can't resolve '../utils/conversionUtils'
[0m [90m 2 |[39m [36mimport[39m [33mReact[39m[33m,[39m { useState[33m,[39m useRef[33m,[39m useEffect } 
[36mfrom[39m [32m'react'[39m[33m;[39m
 [90m 3 |[39m [36mimport[39m { [33mFileBadge[39m[33m,[39m [33mArrowRight[39m[33m,[39m 
[33mDownload[39m[33m,[39m [33mLoader2[39m[33m,[39m [33mTrash2[39m[33m,[39m [33mUndo[39m[33m,[39m 
[33mMousePointer[39m } [36mfrom[39m [32m'lucide-react'[39m[33m;[39m
[31m[1m>[22m[39m[90m 4 |[39m [36mimport[39m { applyRedactions } [36mfrom[39m 
[32m'../utils/conversionUtils'[39m[33m;[39m
 [90m   |[39m [31m[1m^[22m[39m[31m[1m^[22m[39m[31m[1m^[22m[39m[31m[1m^[22m[39m[31m[1m^[22m[39m[3
1m[1m^[22m[39m[31m[1m^[22m[39m[31m[1m^[22m[39m[31m[1m^[22m[39m[31m[1m^[22m[39m[31m[1m^[22m[39m[
31m[1m^[22m[39m[31m[1m^[22m[39m[31m[1m^[22m[39m[31m[1m^[22m[39m[31m[1m^[22m[39m[31m[1m^[22m[39m
[31m[1m^[22m[39m[31m[1m^[22m[39m[31m[1m^[22m[39m[31m[1m^[22m[39m[31m[1m^[22m[39m[31m[1m^[22m[39m
[31m[1m^[22m[39m[31m[1m^[22m[39m[31m[1m^[22m[39m[31m[1m^[22m[39m[31m[1m^[22m[39m[31m[1m^[22m[39
m[31m[1m^[22m[39m[31m[1m^[22m[39m[31m[1m^[22m[39m[31m[1m^[22m[39m[31m[1m^[22m[39m[31m[1m^[22m[3
9m[31m[1m^[22m[39m[31m[1m^[22m[39m[31m[1m^[22m[39m[31m[1m^[22m[39m[31m[1m^[22m[39m[31m[1m^[22m[
39m[31m[1m^[22m[39m[31m[1m^[22m[39m[31m[1m^[22m[39m[31m[1m^[22m[39m[31m[1m^[22m[39m[31m[1m^[22m
[39m[31m[1m^[22m[39m[31m[1m^[22m[39m[31m[1m^[22m[39m[31m[1m^[22m[39m[31m[1m^[22m[39m[31m[1m^[22m
[39m[31m[1m^[22m[39m[31m[1m^[22m[39m[31m[1m^[22m[39m[31m[1m^[22m[39m[31m[1m^[22m[39m[31m[1m^[22
m[39m
 [90m 5 |[39m [36mimport[39m [33m*[39m [36mas[39m pdfjsLib [36mfrom[39m [32m'pdfjs-dist'[39m[33m;[39m
 [90m 6 |[39m
 [90m 7 |[39m [90m// Configure PDF.js worker[39m[0m



Import traces:
  Client Component Browser:
    ./app/redact-pdf/page.jsx [Client Component Browser]
    ./app/redact-pdf/page.jsx [Server Component]

  Client Component SSR:
    ./app/redact-pdf/page.jsx [Client Component SSR]
    ./app/redact-pdf/page.jsx [Server Component]

https://nextjs.org/docs/messages/module-not-found


./app/rotate-pdf/page.jsx:4:1
Module not found: Can't resolve '../utils/conversionUtils'
[0m [90m 2 |[39m [36mimport[39m { useState } [36mfrom[39m [32m'react'[39m[33m;[39m
 [90m 3 |[39m [36mimport[39m [33mFileUploader[39m [36mfrom[39m 
[32m'../components/FileUploader'[39m[33m;[39m
[31m[1m>[22m[39m[90m 4 |[39m [36mimport[39m { rotatePdf } [36mfrom[39m 
[32m'../utils/conversionUtils'[39m[33m;[39m
 [90m   |[39m [31m[1m^[22m[39m[31m[1m^[22m[39m[31m[1m^[22m[39m[31m[1m^[22m[39m[31m[1m^[22m[39m[3
1m[1m^[22m[39m[31m[1m^[22m[39m[31m[1m^[22m[39m[31m[1m^[22m[39m[31m[1m^[22m[39m[31m[1m^[22m[39m[
31m[1m^[22m[39m[31m[1m^[22m[39m[31m[1m^[22m[39m[31m[1m^[22m[39m[31m[1m^[22m[39m[31m[1m^[22m[39m
[31m[1m^[22m[39m[31m[1m^[22m[39m[31m[1m^[22m[39m[31m[1m^[22m[39m[31m[1m^[22m[39m[31m[1m^[22m[39m
[31m[1m^[22m[39m[31m[1m^[22m[39m[31m[1m^[22m[39m[31m[1m^[22m[39m[31m[1m^[22m[39m[31m[1m^[22m[39
m[31m[1m^[22m[39m[31m[1m^[22m[39m[31m[1m^[22m[39m[31m[1m^[22m[39m[31m[1m^[22m[39m[31m[1m^[22m[3
9m[31m[1m^[22m[39m[31m[1m^[22m[39m[31m[1m^[22m[39m[31m[1m^[22m[39m[31m[1m^[22m[39m[31m[1m^[22m[
39m[31m[1m^[22m[39m[31m[1m^[22m[39m[31m[1m^[22m[39m[31m[1m^[22m[39m[31m[1m^[22m[39m[31m[1m^[22m
[39m[31m[1m^[22m[39m[31m[1m^[22m[39m[31m[1m^[22m[39m[31m[1m^[22m[39m[31m[1m^[22m[39m[31m[1m^[22m
[39m
 [90m 5 |[39m [36mimport[39m { [33mRotateCw[39m[33m,[39m [33mDownload[39m[33m,[39m 
[33mFile[39m[33m,[39m [33mTrash2[39m[33m,[39m [33mRotateCcw[39m[33m,[39m [33mRefreshCcw[39m } 
[36mfrom[39m [32m'lucide-react'[39m[33m;[39m
 [90m 6 |[39m
 [90m 7 |[39m [36mconst[39m [33mRotatePdf[39m [33m=[39m () [33m=>[39m {[0m



Import traces:
  Client Component Browser:
    ./app/rotate-pdf/page.jsx [Client Component Browser]
    ./app/rotate-pdf/page.jsx [Server Component]

  Client Component SSR:
    ./app/rotate-pdf/page.jsx [Client Component SSR]
    ./app/rotate-pdf/page.jsx [Server Component]

https://nextjs.org/docs/messages/module-not-found


./app/scan-to-pdf/page.jsx:7:1
Module not found: Can't resolve '../utils/conversionUtils'
[0m [90m  5 |[39m [36mimport[39m { doc[33m,[39m onSnapshot[33m,[39m setDoc } [36mfrom[39m 
[32m'firebase/firestore'[39m[33m;[39m
 [90m  6 |[39m [36mimport[39m { [33mSmartphone[39m[33m,[39m [33mDownload[39m[33m,[39m [33mLoader2[39m } 
[36mfrom[39m [32m'lucide-react'[39m[33m;[39m
[31m[1m>[22m[39m[90m  7 |[39m [36mimport[39m { convertImageToPdf } [36mfrom[39m 
[32m'../utils/conversionUtils'[39m[33m;[39m
 [90m    |[39m [31m[1m^[22m[39m[31m[1m^[22m[39m[31m[1m^[22m[39m[31m[1m^[22m[39m[31m[1m^[22m[39m[
31m[1m^[22m[39m[31m[1m^[22m[39m[31m[1m^[22m[39m[31m[1m^[22m[39m[31m[1m^[22m[39m[31m[1m^[22m[39m
[31m[1m^[22m[39m[31m[1m^[22m[39m[31m[1m^[22m[39m[31m[1m^[22m[39m[31m[1m^[22m[39m[31m[1m^[22m[39m
[31m[1m^[22m[39m[31m[1m^[22m[39m[31m[1m^[22m[39m[31m[1m^[22m[39m[31m[1m^[22m[39m[31m[1m^[22m[39
m[31m[1m^[22m[39m[31m[1m^[22m[39m[31m[1m^[22m[39m[31m[1m^[22m[39m[31m[1m^[22m[39m[31m[1m^[22m[3
9m[31m[1m^[22m[39m[31m[1m^[22m[39m[31m[1m^[22m[39m[31m[1m^[22m[39m[31m[1m^[22m[39m[31m[1m^[22m[
39m[31m[1m^[22m[39m[31m[1m^[22m[39m[31m[1m^[22m[39m[31m[1m^[22m[39m[31m[1m^[22m[39m[31m[1m^[22m
[39m[31m[1m^[22m[39m[31m[1m^[22m[39m[31m[1m^[22m[39m[31m[1m^[22m[39m[31m[1m^[22m[39m[31m[1m^[22m
[39m[31m[1m^[22m[39m[31m[1m^[22m[39m[31m[1m^[22m[39m[31m[1m^[22m[39m[31m[1m^[22m[39m[31m[1m^[22
m[39m[31m[1m^[22m[39m[31m[1m^[22m[39m[31m[1m^[22m[39m[31m[1m^[22m[39m[31m[1m^[22m[39m[31m[1m^[2
2m[39m[31m[1m^[22m[39m[31m[1m^[22m[39m
 [90m  8 |[39m
 [90m  9 |[39m [36mconst[39m [33mScanToPdf[39m [33m=[39m () [33m=>[39m {
 [90m 10 |[39m     [36mconst[39m [sessionId[33m,[39m setSessionId] [33m=[39m 
useState([32m''[39m)[33m;[39m[0m



Import traces:
  Client Component Browser:
    ./app/scan-to-pdf/page.jsx [Client Component Browser]
    ./app/scan-to-pdf/page.jsx [Server Component]

  Client Component SSR:
    ./app/scan-to-pdf/page.jsx [Client Component SSR]
    ./app/scan-to-pdf/page.jsx [Server Component]

https://nextjs.org/docs/messages/module-not-found


./app/unlock-pdf/page.jsx:4:1
Module not found: Can't resolve '../utils/conversionUtils'
[0m [90m 2 |[39m [36mimport[39m { useState } [36mfrom[39m [32m'react'[39m[33m;[39m
 [90m 3 |[39m [36mimport[39m [33mFileUploader[39m [36mfrom[39m 
[32m'../components/FileUploader'[39m[33m;[39m
[31m[1m>[22m[39m[90m 4 |[39m [36mimport[39m { unlockPdf } [36mfrom[39m 
[32m'../utils/conversionUtils'[39m[33m;[39m
 [90m   |[39m [31m[1m^[22m[39m[31m[1m^[22m[39m[31m[1m^[22m[39m[31m[1m^[22m[39m[31m[1m^[22m[39m[3
1m[1m^[22m[39m[31m[1m^[22m[39m[31m[1m^[22m[39m[31m[1m^[22m[39m[31m[1m^[22m[39m[31m[1m^[22m[39m[
31m[1m^[22m[39m[31m[1m^[22m[39m[31m[1m^[22m[39m[31m[1m^[22m[39m[31m[1m^[22m[39m[31m[1m^[22m[39m
[31m[1m^[22m[39m[31m[1m^[22m[39m[31m[1m^[22m[39m[31m[1m^[22m[39m[31m[1m^[22m[39m[31m[1m^[22m[39m
[31m[1m^[22m[39m[31m[1m^[22m[39m[31m[1m^[22m[39m[31m[1m^[22m[39m[31m[1m^[22m[39m[31m[1m^[22m[39
m[31m[1m^[22m[39m[31m[1m^[22m[39m[31m[1m^[22m[39m[31m[1m^[22m[39m[31m[1m^[22m[39m[31m[1m^[22m[3
9m[31m[1m^[22m[39m[31m[1m^[22m[39m[31m[1m^[22m[39m[31m[1m^[22m[39m[31m[1m^[22m[39m[31m[1m^[22m[
39m[31m[1m^[22m[39m[31m[1m^[22m[39m[31m[1m^[22m[39m[31m[1m^[22m[39m[31m[1m^[22m[39m[31m[1m^[22m
[39m[31m[1m^[22m[39m[31m[1m^[22m[39m[31m[1m^[22m[39m[31m[1m^[22m[39m[31m[1m^[22m[39m[31m[1m^[22m
[39m
 [90m 5 |[39m [36mimport[39m { [33mUnlock[39m[33m,[39m [33mDownload[39m[33m,[39m [33mFile[39m[33m,[39m 
[33mTrash2[39m } [36mfrom[39m [32m'lucide-react'[39m[33m;[39m
 [90m 6 |[39m
 [90m 7 |[39m [36mconst[39m [33mUnlockPdf[39m [33m=[39m () [33m=>[39m {[0m



Import traces:
  Client Component Browser:
    ./app/unlock-pdf/page.jsx [Client Component Browser]
    ./app/unlock-pdf/page.jsx [Server Component]

  Client Component SSR:
    ./app/unlock-pdf/page.jsx [Client Component SSR]
    ./app/unlock-pdf/page.jsx [Server Component]

https://nextjs.org/docs/messages/module-not-found


./app/merge-pdf/page.jsx:4:1
Module not found: Can't resolve '../utils/pdfUtils'
[0m [90m 2 |[39m [36mimport[39m { useState[33m,[39m useEffect[33m,[39m useRef[33m,[39m useCallback } 
[36mfrom[39m [32m'react'[39m[33m;[39m
 [90m 3 |[39m [36mimport[39m [33mFileUploader[39m [36mfrom[39m 
[32m'../components/FileUploader'[39m[33m;[39m
[31m[1m>[22m[39m[90m 4 |[39m [36mimport[39m { mergePdfs[33m,[39m mergePages } [36mfrom[39m 
[32m'../utils/pdfUtils'[39m[33m;[39m
 [90m   |[39m [31m[1m^[22m[39m[31m[1m^[22m[39m[31m[1m^[22m[39m[31m[1m^[22m[39m[31m[1m^[22m[39m[3
1m[1m^[22m[39m[31m[1m^[22m[39m[31m[1m^[22m[39m[31m[1m^[22m[39m[31m[1m^[22m[39m[31m[1m^[22m[39m[
31m[1m^[22m[39m[31m[1m^[22m[39m[31m[1m^[22m[39m[31m[1m^[22m[39m[31m[1m^[22m[39m[31m[1m^[22m[39m
[31m[1m^[22m[39m[31m[1m^[22m[39m[31m[1m^[22m[39m[31m[1m^[22m[39m[31m[1m^[22m[39m[31m[1m^[22m[39m
[31m[1m^[22m[39m[31m[1m^[22m[39m[31m[1m^[22m[39m[31m[1m^[22m[39m[31m[1m^[22m[39m[31m[1m^[22m[39
m[31m[1m^[22m[39m[31m[1m^[22m[39m[31m[1m^[22m[39m[31m[1m^[22m[39m[31m[1m^[22m[39m[31m[1m^[22m[3
9m[31m[1m^[22m[39m[31m[1m^[22m[39m[31m[1m^[22m[39m[31m[1m^[22m[39m[31m[1m^[22m[39m[31m[1m^[22m[
39m[31m[1m^[22m[39m[31m[1m^[22m[39m[31m[1m^[22m[39m[31m[1m^[22m[39m[31m[1m^[22m[39m[31m[1m^[22m
[39m[31m[1m^[22m[39m[31m[1m^[22m[39m[31m[1m^[22m[39m[31m[1m^[22m[39m[31m[1m^[22m[39m[31m[1m^[22m
[39m[31m[1m^[22m[39m[31m[1m^[22m[39m[31m[1m^[22m[39m[31m[1m^[22m[39m[31m[1m^[22m[39m
 [90m 5 |[39m [36mimport[39m { [33mLayers[39m[33m,[39m [33mDownload[39m[33m,[39m [33mX[39m[33m,[39m 
[33mPlus[39m[33m,[39m [33mChevronLeft[39m[33m,[39m [33mChevronRight[39m[33m,[39m [33mEye[39m[33m,[39m 
[33mPencil[39m[33m,[39m [33mRotateCcw[39m } [36mfrom[39m [32m'lucide-react'[39m[33m;[39m
 [90m 6 |[39m [36mimport[39m [33m*[39m [36mas[39m pdfjsLib [36mfrom[39m [32m'pdfjs-dist'[39m[33m;[39m
 [90m 7 |[39m[0m



Import traces:
  Client Component Browser:
    ./app/merge-pdf/page.jsx [Client Component Browser]
    ./app/merge-pdf/page.jsx [Server Component]

  Client Component SSR:
    ./app/merge-pdf/page.jsx [Client Component SSR]
    ./app/merge-pdf/page.jsx [Server Component]

https://nextjs.org/docs/messages/module-not-found


./app/repair-pdf/page.jsx:4:1
Module not found: Can't resolve '../utils/pdfUtils'
[0m [90m 2 |[39m [36mimport[39m { useState } [36mfrom[39m [32m'react'[39m[33m;[39m
 [90m 3 |[39m [36mimport[39m [33mFileUploader[39m [36mfrom[39m 
[32m'../components/FileUploader'[39m[33m;[39m
[31m[1m>[22m[39m[90m 4 |[39m [36mimport[39m { repairPdf } [36mfrom[39m 
[32m'../utils/pdfUtils'[39m[33m;[39m
 [90m   |[39m [31m[1m^[22m[39m[31m[1m^[22m[39m[31m[1m^[22m[39m[31m[1m^[22m[39m[31m[1m^[22m[39m[3
1m[1m^[22m[39m[31m[1m^[22m[39m[31m[1m^[22m[39m[31m[1m^[22m[39m[31m[1m^[22m[39m[31m[1m^[22m[39m[
31m[1m^[22m[39m[31m[1m^[22m[39m[31m[1m^[22m[39m[31m[1m^[22m[39m[31m[1m^[22m[39m[31m[1m^[22m[39m
[31m[1m^[22m[39m[31m[1m^[22m[39m[31m[1m^[22m[39m[31m[1m^[22m[39m[31m[1m^[22m[39m[31m[1m^[22m[39m
[31m[1m^[22m[39m[31m[1m^[22m[39m[31m[1m^[22m[39m[31m[1m^[22m[39m[31m[1m^[22m[39m[31m[1m^[22m[39
m[31m[1m^[22m[39m[31m[1m^[22m[39m[31m[1m^[22m[39m[31m[1m^[22m[39m[31m[1m^[22m[39m[31m[1m^[22m[3
9m[31m[1m^[22m[39m[31m[1m^[22m[39m[31m[1m^[22m[39m[31m[1m^[22m[39m[31m[1m^[22m[39m[31m[1m^[22m[
39m[31m[1m^[22m[39m[31m[1m^[22m[39m[31m[1m^[22m[39m[31m[1m^[22m[39m[31m[1m^[22m[39m
 [90m 5 |[39m [36mimport[39m { [33mWrench[39m[33m,[39m [33mDownload[39m[33m,[39m 
[33mFileJson[39m[33m,[39m [33mTrash2[39m[33m,[39m [33mAlertTriangle[39m } [36mfrom[39m 
[32m'lucide-react'[39m[33m;[39m
 [90m 6 |[39m
 [90m 7 |[39m [36mconst[39m [33mRepairPdf[39m [33m=[39m () [33m=>[39m {[0m



Import traces:
  Client Component Browser:
    ./app/repair-pdf/page.jsx [Client Component Browser]
    ./app/repair-pdf/page.jsx [Server Component]

  Client Component SSR:
    ./app/repair-pdf/page.jsx [Client Component SSR]
    ./app/repair-pdf/page.jsx [Server Component]

https://nextjs.org/docs/messages/module-not-found


./app/split-pdf/page.jsx:4:1
Module not found: Can't resolve '../utils/pdfUtils'
[0m [90m 2 |[39m [36mimport[39m { useState[33m,[39m useEffect[33m,[39m useRef[33m,[39m useCallback } 
[36mfrom[39m [32m'react'[39m[33m;[39m
 [90m 3 |[39m [36mimport[39m [33mFileUploader[39m [36mfrom[39m 
[32m'../components/FileUploader'[39m[33m;[39m
[31m[1m>[22m[39m[90m 4 |[39m [36mimport[39m { splitPdf } [36mfrom[39m 
[32m'../utils/pdfUtils'[39m[33m;[39m
 [90m   |[39m [31m[1m^[22m[39m[31m[1m^[22m[39m[31m[1m^[22m[39m[31m[1m^[22m[39m[31m[1m^[22m[39m[3
1m[1m^[22m[39m[31m[1m^[22m[39m[31m[1m^[22m[39m[31m[1m^[22m[39m[31m[1m^[22m[39m[31m[1m^[22m[39m[
31m[1m^[22m[39m[31m[1m^[22m[39m[31m[1m^[22m[39m[31m[1m^[22m[39m[31m[1m^[22m[39m[31m[1m^[22m[39m
[31m[1m^[22m[39m[31m[1m^[22m[39m[31m[1m^[22m[39m[31m[1m^[22m[39m[31m[1m^[22m[39m[31m[1m^[22m[39m
[31m[1m^[22m[39m[31m[1m^[22m[39m[31m[1m^[22m[39m[31m[1m^[22m[39m[31m[1m^[22m[39m[31m[1m^[22m[39
m[31m[1m^[22m[39m[31m[1m^[22m[39m[31m[1m^[22m[39m[31m[1m^[22m[39m[31m[1m^[22m[39m[31m[1m^[22m[3
9m[31m[1m^[22m[39m[31m[1m^[22m[39m[31m[1m^[22m[39m[31m[1m^[22m[39m[31m[1m^[22m[39m[31m[1m^[22m[
39m[31m[1m^[22m[39m[31m[1m^[22m[39m[31m[1m^[22m[39m[31m[1m^[22m[39m
 [90m 5 |[39m [36mimport[39m { [33mScissors[39m[33m,[39m [33mDownload[39m[33m,[39m [33mX[39m[33m,[39m 
[33mFileText[39m[33m,[39m [33mChevronLeft[39m[33m,[39m [33mChevronRight[39m[33m,[39m 
[33mEye[39m[33m,[39m [33mPencil[39m[33m,[39m [33mRotateCcw[39m[33m,[39m [33mTrash2[39m } [36mfrom[39m 
[32m'lucide-react'[39m[33m;[39m
 [90m 6 |[39m [36mimport[39m [33m*[39m [36mas[39m pdfjsLib [36mfrom[39m [32m'pdfjs-dist'[39m[33m;[39m
 [90m 7 |[39m[0m



Import traces:
  Client Component Browser:
    ./app/split-pdf/page.jsx [Client Component Browser]
    ./app/split-pdf/page.jsx [Server Component]

  Client Component SSR:
    ./app/split-pdf/page.jsx [Client Component SSR]
    ./app/split-pdf/page.jsx [Server Component]

https://nextjs.org/docs/messages/module-not-found


    at <unknown> (./app/blog/[slug]/page.jsx:113:20)
    at <unknown> (./app/page.js:2:1)
    at <unknown> (https://nextjs.org/docs/messages/module-not-found)
    at <unknown> (./app/add-page-numbers/page.jsx:3:1)
    at <unknown> (https://nextjs.org/docs/messages/module-not-found)
    at <unknown> (./app/add-watermark/page.jsx:3:1)
    at <unknown> (https://nextjs.org/docs/messages/module-not-found)
    at <unknown> (./app/compress-pdf/page.jsx:3:1)
    at <unknown> (https://nextjs.org/docs/messages/module-not-found)
    at <unknown> (./app/excel-to-pdf/page.jsx:3:1)
    at <unknown> (https://nextjs.org/docs/messages/module-not-found)
    at <unknown> (./app/jpg-to-pdf/page.jsx:3:1)
    at <unknown> (https://nextjs.org/docs/messages/module-not-found)
    at <unknown> (./app/merge-pdf/page.jsx:3:1)
    at <unknown> (https://nextjs.org/docs/messages/module-not-found)
    at <unknown> (./app/protect-pdf/page.jsx:3:1)
    at <unknown> (https://nextjs.org/docs/messages/module-not-found)
    at <unknown> (./app/repair-pdf/page.jsx:3:1)
    at <unknown> (https://nextjs.org/docs/messages/module-not-found)
    at <unknown> (./app/rotate-pdf/page.jsx:3:1)
    at <unknown> (https://nextjs.org/docs/messages/module-not-found)
    at <unknown> (./app/split-pdf/page.jsx:3:1)
    at <unknown> (https://nextjs.org/docs/messages/module-not-found)
    at <unknown> (./app/unlock-pdf/page.jsx:3:1)
    at <unknown> (https://nextjs.org/docs/messages/module-not-found)
    at <unknown> (./app/add-watermark/page.jsx:4:1)
    at <unknown> (https://nextjs.org/docs/messages/module-not-found)
    at <unknown> (./app/scan-mobile/[sessionId]/page.jsx:4:1)
    at <unknown> (https://nextjs.org/docs/messages/module-not-found)
    at <unknown> (./app/scan-to-pdf/page.jsx:4:1)
    at <unknown> (https://nextjs.org/docs/messages/module-not-found)
    at <unknown> (./app/add-page-numbers/page.jsx:4:1)
    at <unknown> (https://nextjs.org/docs/messages/module-not-found)
    at <unknown> (./app/add-watermark/page.jsx:5:1)
    at <unknown> (https://nextjs.org/docs/messages/module-not-found)
    at <unknown> (./app/crop-pdf/page.jsx:4:1)
    at <unknown> (https://nextjs.org/docs/messages/module-not-found)
    at <unknown> (./app/excel-to-pdf/page.jsx:4:1)
    at <unknown> (https://nextjs.org/docs/messages/module-not-found)
    at <unknown> (./app/jpg-to-pdf/page.jsx:4:1)
    at <unknown> (https://nextjs.org/docs/messages/module-not-found)
    at <unknown> (./app/pdf-to-pdf-a/page.jsx:4:1)
    at <unknown> (https://nextjs.org/docs/messages/module-not-found)
    at <unknown> (./app/protect-pdf/page.jsx:4:1)
    at <unknown> (https://nextjs.org/docs/messages/module-not-found)
    at <unknown> (./app/redact-pdf/page.jsx:4:1)
    at <unknown> (https://nextjs.org/docs/messages/module-not-found)
    at <unknown> (./app/rotate-pdf/page.jsx:4:1)
    at <unknown> (https://nextjs.org/docs/messages/module-not-found)
    at <unknown> (./app/scan-to-pdf/page.jsx:7:1)
    at <unknown> (https://nextjs.org/docs/messages/module-not-found)
    at <unknown> (./app/unlock-pdf/page.jsx:4:1)
    at <unknown> (https://nextjs.org/docs/messages/module-not-found)
    at <unknown> (./app/merge-pdf/page.jsx:4:1)
    at <unknown> (https://nextjs.org/docs/messages/module-not-found)
    at <unknown> (./app/repair-pdf/page.jsx:4:1)
    at <unknown> (https://nextjs.org/docs/messages/module-not-found)
    at <unknown> (./app/split-pdf/page.jsx:4:1)
    at <unknown> (https://nextjs.org/docs/messages/module-not-found)
